
> nextn@0.1.0 build
> next build

node.exe : ÔÜá `eslint` configuration in next.config.ts is no 
longer supported. See more info here: https://nextjs.org/docs/a
pp/api-reference/cli/next#next-lint-options
En línea: 1 Carácter: 1
+ & "C:\Program Files\nodejs/node.exe" 
"C:\Users\crist\AppData\Roaming\ ...
+ ~~~~~~~~~~~~~~~~~~~~~~~~~~~~~~~~~~~~~~~~~~~~~~~~~~~~~~~~~~~~~
~~~~~~~~
    + CategoryInfo          : NotSpecified: (ÔÜá `eslint` co.. 
   .xt-lint-options:String) [], RemoteException
    + FullyQualifiedErrorId : NativeCommandError
 
ÔÜá Invalid next.config.ts options detected: 
ÔÜá     Unrecognized key(s) in object: 'eslint'
ÔÜá See more info here: 
https://nextjs.org/docs/messages/invalid-next-config
Ôû▓ Next.js 16.1.3 (Turbopack)
- Environments: .env.production.local, .env.local, .env

ÔÜá The "middleware" file convention is deprecated. Please use 
"proxy" instead. Learn more: 
https://nextjs.org/docs/messages/middleware-to-proxy
  Creating an optimized production build ...

> Build error occurred
Error: Turbopack build failed with 4 errors:
./src/app/clubs/page.tsx:119:14
Parsing ecmascript source code failed
[0m [90m 117 |[39m               
[33m<[39m[33m/[39m[33mbutton[39m[33m>[39m
 [90m 118 |[39m             )[33m;[39m
[31m[1m>[22m[39m[90m 119 |[39m           })}}
 [90m     |[39m              [31m[1m^[22m[39m
 [90m 120 |[39m         
[33m<[39m[33m/[39m[33mdiv[39m[33m>[39m
 [90m 121 |[39m
 [90m 122 |[39m         {clubs[33m.[39mlength 
[33m===[39m [35m0[39m [33m&&[39m [33m![39mloading 
[33m&&[39m ([0m

Unexpected token. Did you mean `{'}'}` or `&rbrace;`?


./src/app/(app)/admin/components/ClubActivityCalendar.tsx:17:1
Module not found: Can't resolve './InstructorSelectionPanel'
[0m [90m 15 |[39m [36mimport[39m { cn } [36mfrom[39m 
[32m'@/lib/utils'[39m[33m;[39m
 [90m 16 |[39m [36mimport[39m { 
[33mAlertTriangle[39m[33m,[39m 
[33mCalendarDays[39m[33m,[39m [33mInfo[39m[33m,[39m 
[33mPalette[39m[33m,[39m [33mCheckCircle[39m[33m,[39m 
[33mUsers[39m[33m,[39m [33mUserCircle[39m [36mas[39m 
[33mUserIcon[39m[33m,[39m [33mList[39m[33m,[39m 
[33mClock[39m[33m,[39m [33mHash[39m[33m,[39m 
[33mTrophy[39m[33m,[39m [33mUsers2[39m[33m,[39m 
[33mCircleCheckBig[39m[33m,[39m 
[33mBarChartHorizontal[39m[33m,[39m 
[33mLock[39m[33m,[39m [33mListFilter[39m[33m,[39m 
[33mPaletteIcon[39m[33m,[39m 
[33mCaseSensitive[39m[33m,[39m 
[33mPilcrow[39m[33m,[39m [33mGripVertical[39m[33m,[39m 
[33mPartyPopper[39m[33m,[39m [33mUserCog[39m } 
[36mfrom[39m [32m'lucide-react'[39m[33m;[39m
[31m[1m>[22m[39m[90m 17 |[39m [36mimport[39m 
[33mInstructorSelectionPanel[39m [36mfrom[39m 
[32m'./InstructorSelectionPanel'[39m[33m;[39m
 [90m    |[39m [31m[1m^[22m[39m[31m[1m^[22m[39m[31m
[1m^[22m[39m[31m[1m^[22m[39m[31m[1m^[22m[39m[31m[1m
^[22m[39m[31m[1m^[22m[39m[31m[1m^[22m[39m[31m[1m^[
22m[39m[31m[1m^[22m[39m[31m[1m^[22m[39m[31m[1m^[22m
[39m[31m[1m^[22m[39m[31m[1m^[22m[39m[31m[1m^[22m[3
9m[31m[1m^[22m[39m[31m[1m^[22m[39m[31m[1m^[22m[39m
[31m[1m^[22m[39m[31m[1m^[22m[39m[31m[1m^[22m[39m[31
m[1m^[22m[39m[31m[1m^[22m[39m[31m[1m^[22m[39m[31m[
1m^[22m[39m[31m[1m^[22m[39m[31m[1m^[22m[39m[31m[1m^
[22m[39m[31m[1m^[22m[39m[31m[1m^[22m[39m[31m[1m^[2
2m[39m[31m[1m^[22m[39m[31m[1m^[22m[39m[31m[1m^[22m
[39m[31m[1m^[22m[39m[31m[1m^[22m[39m[31m[1m^[22m[39
m[31m[1m^[22m[39m[31m[1m^[22m[39m[31m[1m^[22m[39m[
31m[1m^[22m[39m[31m[1m^[22m[39m[31m[1m^[22m[39m[31m
[1m^[22m[39m[31m[1m^[22m[39m[31m[1m^[22m[39m[31m[1
m^[22m[39m[31m[1m^[22m[39m[31m[1m^[22m[39m[31m[1m^
[22m[39m[31m[1m^[22m[39m[31m[1m^[22m[39m[31m[1m^[22
m[39m[31m[1m^[22m[39m[31m[1m^[22m[39m[31m[1m^[22m[
39m[31m[1m^[22m[39m[31m[1m^[22m[39m[31m[1m^[22m[39m
[31m[1m^[22m[39m[31m[1m^[22m[39m[31m[1m^[22m[39m[3
1m[1m^[22m[39m[31m[1m^[22m[39m[31m[1m^[22m[39m[31m
[1m^[22m[39m
 [90m 18 |[39m [36mimport[39m 
[33mClassInscriptionVisualizer[39m [36mfrom[39m 
[32m'./ClassInscriptionVisualizer'[39m[33m;[39m
 [90m 19 |[39m [36mimport[39m 
[33mMatchInscriptionVisualizer[39m [36mfrom[39m 
[32m'./MatchInscriptionVisualizer'[39m[33m;[39m
 [90m 20 |[39m [36mimport[39m { 
[33mTooltip[39m[33m,[39m 
[33mTooltipContent[39m[33m,[39m 
[33mTooltipProvider[39m[33m,[39m [33mTooltipTrigger[39m 
} [36mfrom[39m 
[32m'@/components/ui/tooltip'[39m[33m;[39m[0m



Import traces:
  Client Component Browser:
    ./src/app/(app)/admin/components/ClubActivityCalendar.tsx 
[Client Component Browser]
    ./src/app/(app)/club-calendar/[clubId]/page.tsx [Client 
Component Browser]
    ./src/app/(app)/club-calendar/[clubId]/page.tsx [Server 
Component]

  Client Component SSR:
    ./src/app/(app)/admin/components/ClubActivityCalendar.tsx 
[Client Component SSR]
    ./src/app/(app)/club-calendar/[clubId]/page.tsx [Client 
Component SSR]
    ./src/app/(app)/club-calendar/[clubId]/page.tsx [Server 
Component]

https://nextjs.org/docs/messages/module-not-found


./src/app/(app)/instructor/credits-manager/page.tsx:6:1
Module not found: Can't resolve '@/contexts/AuthContext'
[0m [90m 4 |[39m [36mimport[39m { useEffect[33m,[39m 
useState } [36mfrom[39m [32m'react'[39m[33m;[39m
 [90m 5 |[39m [36mimport[39m 
[33mInstructorCreditsManager[39m [36mfrom[39m [32m'@/compo
nents/class/InstructorCreditsManager'[39m[33m;[39m
[31m[1m>[22m[39m[90m 6 |[39m [36mimport[39m { useAuth 
} [36mfrom[39m [32m'@/contexts/AuthContext'[39m[33m;[39m
 [90m   |[39m [31m[1m^[22m[39m[31m[1m^[22m[39m[31m[
1m^[22m[39m[31m[1m^[22m[39m[31m[1m^[22m[39m[31m[1m^
[22m[39m[31m[1m^[22m[39m[31m[1m^[22m[39m[31m[1m^[2
2m[39m[31m[1m^[22m[39m[31m[1m^[22m[39m[31m[1m^[22m
[39m[31m[1m^[22m[39m[31m[1m^[22m[39m[31m[1m^[22m[39
m[31m[1m^[22m[39m[31m[1m^[22m[39m[31m[1m^[22m[39m[
31m[1m^[22m[39m[31m[1m^[22m[39m[31m[1m^[22m[39m[31m
[1m^[22m[39m[31m[1m^[22m[39m[31m[1m^[22m[39m[31m[1
m^[22m[39m[31m[1m^[22m[39m[31m[1m^[22m[39m[31m[1m^
[22m[39m[31m[1m^[22m[39m[31m[1m^[22m[39m[31m[1m^[22
m[39m[31m[1m^[22m[39m[31m[1m^[22m[39m[31m[1m^[22m[
39m[31m[1m^[22m[39m[31m[1m^[22m[39m[31m[1m^[22m[39m
[31m[1m^[22m[39m[31m[1m^[22m[39m[31m[1m^[22m[39m[3
1m[1m^[22m[39m[31m[1m^[22m[39m[31m[1m^[22m[39m[31m
[1m^[22m[39m[31m[1m^[22m[39m[31m[1m^[22m[39m[31m[1m
^[22m[39m[31m[1m^[22m[39m[31m[1m^[22m[39m
 [90m 7 |[39m [36mimport[39m { [33mLoader2[39m } 
[36mfrom[39m [32m'lucide-react'[39m[33m;[39m
 [90m 8 |[39m
 [90m 9 |[39m [36mexport[39m [36mdefault[39m 
[36mfunction[39m [33mInstructorCreditsManagerPage[39m() 
{[0m

Import map: aliased to relative './src/contexts/AuthContext' 
inside of [project]/


Import traces:
  Client Component Browser:
    ./src/app/(app)/instructor/credits-manager/page.tsx 
[Client Component Browser]
    ./src/app/(app)/instructor/credits-manager/page.tsx 
[Server Component]

  Client Component SSR:
    ./src/app/(app)/instructor/credits-manager/page.tsx 
[Client Component SSR]
    ./src/app/(app)/instructor/credits-manager/page.tsx 
[Server Component]

https://nextjs.org/docs/messages/module-not-found


./src/app/api/classes/book-with-points/route.ts:4:1
Export updateUserBlockedLoyaltyPoints doesn't exist in target 
module
[0m [90m 2 |[39m [36mimport[39m { 
[33mNextRequest[39m[33m,[39m [33mNextResponse[39m } 
[36mfrom[39m [32m'next/server'[39m[33m;[39m
 [90m 3 |[39m [36mimport[39m { prisma } [36mfrom[39m 
[32m'@/lib/prisma'[39m[33m;[39m
[31m[1m>[22m[39m[90m 4 |[39m [36mimport[39m { 
updateUserBlockedLoyaltyPoints } [36mfrom[39m 
[32m'@/lib/blockedCredits'[39m[33m;[39m
 [90m   |[39m [31m[1m^[22m[39m[31m[1m^[22m[39m[31m[
1m^[22m[39m[31m[1m^[22m[39m[31m[1m^[22m[39m[31m[1m^
[22m[39m[31m[1m^[22m[39m[31m[1m^[22m[39m[31m[1m^[2
2m[39m[31m[1m^[22m[39m[31m[1m^[22m[39m[31m[1m^[22m
[39m[31m[1m^[22m[39m[31m[1m^[22m[39m[31m[1m^[22m[39
m[31m[1m^[22m[39m[31m[1m^[22m[39m[31m[1m^[22m[39m[
31m[1m^[22m[39m[31m[1m^[22m[39m[31m[1m^[22m[39m[31m
[1m^[22m[39m[31m[1m^[22m[39m[31m[1m^[22m[39m[31m[1
m^[22m[39m[31m[1m^[22m[39m[31m[1m^[22m[39m[31m[1m^
[22m[39m[31m[1m^[22m[39m[31m[1m^[22m[39m[31m[1m^[22
m[39m[31m[1m^[22m[39m[31m[1m^[22m[39m[31m[1m^[22m[
39m[31m[1m^[22m[39m[31m[1m^[22m[39m[31m[1m^[22m[39m
[31m[1m^[22m[39m[31m[1m^[22m[39m[31m[1m^[22m[39m[3
1m[1m^[22m[39m[31m[1m^[22m[39m[31m[1m^[22m[39m[31m
[1m^[22m[39m[31m[1m^[22m[39m[31m[1m^[22m[39m[31m[1m
^[22m[39m[31m[1m^[22m[39m[31m[1m^[22m[39m[31m[1m^[
22m[39m[31m[1m^[22m[39m[31m[1m^[22m[39m[31m[1m^[22m
[39m[31m[1m^[22m[39m[31m[1m^[22m[39m[31m[1m^[22m[3
9m[31m[1m^[22m[39m[31m[1m^[22m[39m[31m[1m^[22m[39m
[31m[1m^[22m[39m[31m[1m^[22m[39m[31m[1m^[22m[39m[31
m[1m^[22m[39m[31m[1m^[22m[39m[31m[1m^[22m[39m[31m[
1m^[22m[39m[31m[1m^[22m[39m[31m[1m^[22m[39m[31m[1m^
[22m[39m[31m[1m^[22m[39m
 [90m 5 |[39m [36mimport[39m { createTransaction } 
[36mfrom[39m [32m'@/lib/transactionLogger'[39m[33m;[39m
 [90m 6 |[39m
 [90m 7 |[39m [90m/**[39m[0m

The export updateUserBlockedLoyaltyPoints was not found in 
module [project]/src/lib/blockedCredits.ts [app-route] 
(ecmascript).
Did you mean to import updateUserBlockedCredits?
All exports of the module are statically known (It doesn't 
have dynamic exports). So it's known statically that the 
requested export doesn't exist.


    at <unknown> (./src/app/clubs/page.tsx:119:14)
    at <unknown> (./src/app/(app)/admin/components/ClubActivity
Calendar.tsx:17:1)
    at <unknown> 
(https://nextjs.org/docs/messages/module-not-found)
    at <unknown> 
(./src/app/(app)/instructor/credits-manager/page.tsx:6:1)
    at <unknown> 
(https://nextjs.org/docs/messages/module-not-found)
    at <unknown> 
(./src/app/api/classes/book-with-points/route.ts:4:1)
