
> nextn@0.1.0 build
> next build

   Ôû▓ Next.js 15.5.9
   - Environments: .env.production.local, .env.local, .env

   Creating an optimized production build ...
 Ô£ô Compiled successfully in 34.4s
   Skipping validation of types
   Skipping linting
   Collecting page data ...
   Generating static pages (0/122) ...
   Generating static pages (30/122) 
   Generating static pages (60/122) 
   Generating static pages (91/122) 
 Ô£ô Generating static pages (122/122)
   Finalizing page optimization ...
   Collecting build traces ...

Route (app)                                                  Size  First Load JS
Ôöî Ôùï /                                                     6.63 kB         203 kB
Ôö£ Ôùï /_not-found                                              1 kB         103 kB
Ôö£ ãÆ /[clubSlug]/demo                                      3.58 kB         106 kB
Ôö£ Ôùï /activities                                           18.8 kB         256 kB
Ôö£ Ôùï /add-class                                            30.5 kB         275 kB
Ôö£ Ôùï /add-credit                                           4.28 kB         241 kB
Ôö£ Ôùï /add-instructor                                       4.64 kB         209 kB
Ôö£ Ôùï /admin                                                16.9 kB         299 kB
Ôö£ Ôùï /admin/calendar                                        2.2 kB         259 kB
Ôö£ Ôùï /admin/club-info                                      7.56 kB         188 kB
Ôö£ Ôùï /admin/database                                       43.7 kB         342 kB
Ôö£ Ôùï /admin/matchgames                                     5.82 kB         186 kB
Ôö£ Ôùï /admin/matchgames/create                              6.39 kB         186 kB
Ôö£ Ôùï /agenda                                               9.19 kB         245 kB
Ôö£ ãÆ /api/admin/admins                                       410 B         103 kB
Ôö£ ãÆ /api/admin/bookings                                     410 B         103 kB
Ôö£ ãÆ /api/admin/bookings/[id]                                410 B         103 kB
Ôö£ ãÆ /api/admin/calendar                                     410 B         103 kB
Ôö£ ãÆ /api/admin/clients                                      410 B         103 kB
Ôö£ ãÆ /api/admin/club-info                                    410 B         103 kB
Ôö£ ãÆ /api/admin/clubs                                        410 B         103 kB
Ôö£ ãÆ /api/admin/clubs/[clubId]                               410 B         103 kB
Ôö£ ãÆ /api/admin/clubs/[clubId]/courts                        410 B         103 kB
Ôö£ ãÆ /api/admin/clubs/[clubId]/courts/[courtId]              410 B         103 kB
Ôö£ ãÆ /api/admin/clubs/[clubId]/instructors                   410 B         103 kB
Ôö£ ãÆ /api/admin/clubs/[clubId]/instructors/[instructorId]    410 B         103 kB
Ôö£ ãÆ /api/admin/clubs/[clubId]/price-slots                   410 B         103 kB
Ôö£ ãÆ /api/admin/clubs/[clubId]/price-slots/[slotId]          410 B         103 kB
Ôö£ ãÆ /api/admin/clubs/[clubId]/users                         410 B         103 kB
Ôö£ ãÆ /api/admin/clubs/[clubId]/users/[userId]                410 B         103 kB
Ôö£ ãÆ /api/admin/courts                                       410 B         103 kB
Ôö£ ãÆ /api/admin/create-infrastructure                        410 B         103 kB
Ôö£ ãÆ /api/admin/generate-class-proposals                     410 B         103 kB
Ôö£ ãÆ /api/admin/generate-proposals                           410 B         103 kB
Ôö£ ãÆ /api/admin/instructors                                  410 B         103 kB
Ôö£ ãÆ /api/admin/instructors/[id]                             410 B         103 kB
Ôö£ ãÆ /api/admin/matches                                      410 B         103 kB
Ôö£ ãÆ /api/admin/matchgames                                   410 B         103 kB
Ôö£ ãÆ /api/admin/matchgames/[matchGameId]                     410 B         103 kB
Ôö£ ãÆ /api/admin/matchgames/create                            410 B         103 kB
Ôö£ ãÆ /api/admin/protected-example                            410 B         103 kB
Ôö£ ãÆ /api/admin/timeslots                                    410 B         103 kB
Ôö£ ãÆ /api/admin/update-future-prices                         410 B         103 kB
Ôö£ ãÆ /api/admin/users                                        410 B         103 kB
Ôö£ ãÆ /api/admin/users/[id]                                   410 B         103 kB
Ôö£ ãÆ /api/auth/login                                         410 B         103 kB
Ôö£ ãÆ /api/auth/logout                                        410 B         103 kB
Ôö£ ãÆ /api/auth/me                                            410 B         103 kB
Ôö£ ãÆ /api/auth/qr-approve                                    410 B         103 kB
Ôö£ ãÆ /api/auth/qr-generate                                   410 B         103 kB
Ôö£ ãÆ /api/auth/qr-status                                     410 B         103 kB
Ôö£ ãÆ /api/bookings                                           410 B         103 kB
Ôö£ ãÆ /api/bookings/[id]                                      410 B         103 kB
Ôö£ ãÆ /api/bookings/[id]/hide                                 410 B         103 kB
Ôö£ ãÆ /api/bookings/check                                     410 B         103 kB
Ôö£ ãÆ /api/bookings/court-reservation                         410 B         103 kB
Ôö£ ãÆ /api/bookings/court-reservation/[reservationId]         410 B         103 kB
Ôö£ ãÆ /api/classes/[timeSlotId]                               410 B         103 kB
Ôö£ ãÆ /api/classes/[timeSlotId]/bookings                      410 B         103 kB
Ôö£ ãÆ /api/classes/assign-court                               410 B         103 kB
Ôö£ ãÆ /api/classes/book                                       410 B         103 kB
Ôö£ ãÆ /api/classes/book-with-points                           410 B         103 kB
Ôö£ ãÆ /api/classes/cancel                                     410 B         103 kB
Ôö£ ãÆ /api/classes/join-group-class                           410 B         103 kB
Ôö£ ãÆ /api/classes/open-group-classes                         410 B         103 kB
Ôö£ ãÆ /api/clubs                                              410 B         103 kB
Ôö£ ãÆ /api/clubs/[id]                                         410 B         103 kB
Ôö£ ãÆ /api/clubs/by-slug/[slug]                               410 B         103 kB
Ôö£ ãÆ /api/court-pricing                                      410 B         103 kB
Ôö£ ãÆ /api/cron/generate-cards                                410 B         103 kB
Ôö£ ãÆ /api/cron/generate-matches                              410 B         103 kB
Ôö£ ãÆ /api/db-check                                           410 B         103 kB
Ôö£ ãÆ /api/debug-calendar                                     410 B         103 kB
Ôö£ ãÆ /api/debug/database-structure                           410 B         103 kB
Ôö£ ãÆ /api/debug/user                                         410 B         103 kB
Ôö£ ãÆ /api/diagnose-photo                                     410 B         103 kB
Ôö£ ãÆ /api/fixed-matches                                      410 B         103 kB
Ôö£ ãÆ /api/fixed-matches/maintenance                          410 B         103 kB
Ôö£ ãÆ /api/fixed-matches/mutate                               410 B         103 kB
Ôö£ ãÆ /api/generate-slots                                     410 B         103 kB
Ôö£ ãÆ /api/instructor/cancel-class/[classId]                  410 B         103 kB
Ôö£ ãÆ /api/instructor/court-reservations                      410 B         103 kB
Ôö£ ãÆ /api/instructors                                        410 B         103 kB
Ôö£ ãÆ /api/instructors/[instructorId]                         410 B         103 kB
Ôö£ ãÆ /api/instructors/[instructorId]/level-ranges            410 B         103 kB
Ôö£ ãÆ /api/instructors/by-user/[userId]                       410 B         103 kB
Ôö£ ãÆ /api/matchgames                                         410 B         103 kB
Ôö£ ãÆ /api/matchgames/[matchGameId]/admin-cancel              410 B         103 kB
Ôö£ ãÆ /api/matchgames/[matchGameId]/leave                     410 B         103 kB
Ôö£ ãÆ /api/matchgames/[matchGameId]/leave-partial             410 B         103 kB
Ôö£ ãÆ /api/matchgames/book                                    410 B         103 kB
Ôö£ ãÆ /api/matchgames/bookings/[id]/hide                      410 B         103 kB
Ôö£ ãÆ /api/me                                                 410 B         103 kB
Ôö£ ãÆ /api/mock-timeslots                                     410 B         103 kB
Ôö£ ãÆ /api/monthly-groups                                     410 B         103 kB
Ôö£ ãÆ /api/monthly-groups/[id]/join                           410 B         103 kB
Ôö£ ãÆ /api/my/bookings                                        410 B         103 kB
Ôö£ ãÆ /api/register                                           410 B         103 kB
Ôö£ ãÆ /api/seed                                               410 B         103 kB
Ôö£ ãÆ /api/superadmin/admins                                  410 B         103 kB
Ôö£ ãÆ /api/superadmin/clubs                                   410 B         103 kB
Ôö£ ãÆ /api/superadmin/clubs/[id]                              410 B         103 kB
Ôö£ ãÆ /api/superadmin/impersonate                             410 B         103 kB
Ôö£ ãÆ /api/superadmin/instructors                             410 B         103 kB
Ôö£ ãÆ /api/superadmin/stats                                   410 B         103 kB
Ôö£ ãÆ /api/superadmin/users                                   410 B         103 kB
Ôö£ ãÆ /api/system/local-ip                                    410 B         103 kB
Ôö£ ãÆ /api/test                                               410 B         103 kB
Ôö£ ãÆ /api/test-user-photo                                    410 B         103 kB
Ôö£ ãÆ /api/timeslots                                          410 B         103 kB
Ôö£ ãÆ /api/timeslots-debug                                    410 B         103 kB
Ôö£ ãÆ /api/timeslots-test                                     410 B         103 kB
Ôö£ ãÆ /api/timeslots/[id]                                     410 B         103 kB
Ôö£ ãÆ /api/timeslots/[id]/credits-slots                       410 B         103 kB
Ôö£ ãÆ /api/timeslots/[id]/leave-partial                       410 B         103 kB
Ôö£ ãÆ /api/timeslots/credits-slots-batch                      410 B         103 kB
Ôö£ ãÆ /api/timeslots/proposals                                410 B         103 kB
Ôö£ ãÆ /api/upload/image                                       410 B         103 kB
Ôö£ ãÆ /api/user-activity-batch                                410 B         103 kB
Ôö£ ãÆ /api/user-activity-status                               410 B         103 kB
Ôö£ ãÆ /api/user-bookings                                      410 B         103 kB
Ôö£ ãÆ /api/user/preferences                                   410 B         103 kB
Ôö£ ãÆ /api/users/[userId]/bookings                            410 B         103 kB
Ôö£ ãÆ /api/users/[userId]/court-reservations                  410 B         103 kB
Ôö£ ãÆ /api/users/[userId]/credit/add                          410 B         103 kB
Ôö£ ãÆ /api/users/[userId]/credit/convert                      410 B         103 kB
Ôö£ ãÆ /api/users/[userId]/match-bookings                      410 B         103 kB
Ôö£ ãÆ /api/users/[userId]/preferences                         410 B         103 kB
Ôö£ ãÆ /api/users/[userId]/profile                             410 B         103 kB
Ôö£ ãÆ /api/users/[userId]/profile-picture                     410 B         103 kB
Ôö£ ãÆ /api/users/[userId]/transactions                        410 B         103 kB
Ôö£ ãÆ /api/users/current                                      410 B         103 kB
Ôö£ ãÆ /api/users/filter-preferences                           410 B         103 kB
Ôö£ ãÆ /api/users/me                                           410 B         103 kB
Ôö£ Ôùï /auth-debug                                           1.25 kB         103 kB
Ôö£ Ôùï /auth-qr                                              1.99 kB         104 kB
Ôö£ Ôùï /auth/login                                             601 B         103 kB
Ôö£ Ôùï /auth/login-club-admin                                4.83 kB         188 kB
Ôö£ Ôùï /auth/login-instructor                                4.48 kB         188 kB
Ôö£ Ôùï /auth/login-superadmin                                4.46 kB         188 kB
Ôö£ Ôùï /book-with-points                                       167 B         180 kB
Ôö£ ãÆ /calendario                                           1.21 kB         258 kB
Ôö£ ãÆ /clases/[id]                                          13.6 kB         233 kB
Ôö£ Ôùï /club                                                 7.26 kB         187 kB
Ôö£ ãÆ /club-calendar/[clubId]                               11.9 kB         225 kB
Ôö£ Ôùï /club-selector                                        2.59 kB         105 kB
Ôö£ ãÆ /club/[clubId]                                        3.09 kB         111 kB
Ôö£ Ôùï /clubs                                                2.33 kB         105 kB
Ôö£ Ôùï /dashboard                                            17.5 kB         269 kB
Ôö£ Ôùï /debug-classes                                          993 B         103 kB
Ôö£ Ôùï /debug-clubs                                            525 B         180 kB
Ôö£ Ôùï /demo                                                 5.88 kB         117 kB
Ôö£ Ôùï /demo-2                                               11.5 kB         191 kB
Ôö£ Ôùï /demo-calendar                                        3.32 kB         106 kB
Ôö£ Ôùï /instructor                                           15.9 kB         340 kB
Ôö£ Ôùï /instructor/credits-manager                           8.59 kB         189 kB
Ôö£ Ôùï /instructor/preferences                               6.87 kB         216 kB
Ôö£ ãÆ /instructors/[id]                                     5.14 kB         185 kB
Ôö£ Ôùï /kiosk                                                1.77 kB         113 kB
Ôö£ Ôùï /match-day                                            2.33 kB         205 kB
Ôö£ ãÆ /match-day/[id]                                       1.59 kB         205 kB
Ôö£ Ôùï /matches                                              1.34 kB         104 kB
Ôö£ Ôùï /matchgames                                           8.55 kB         207 kB
Ôö£ Ôùï /movimientos                                          6.59 kB         239 kB
Ôö£ Ôùï /my-bookings-simple                                   6.61 kB         187 kB
Ôö£ Ôùï /register                                             3.87 kB         216 kB
Ôö£ Ôùï /reservar                                             6.23 kB         202 kB
Ôö£ Ôùï /simple-booking                                       1.16 kB         103 kB
Ôö£ Ôùï /store                                                6.53 kB         208 kB
Ôö£ Ôùï /superadmin                                           12.6 kB         232 kB
Ôö£ Ôùï /superadmin/clubs                                     7.25 kB         200 kB
Ôöö Ôùï /test-photo                                            1.6 kB         104 kB
+ First Load JS shared by all                              102 kB
  Ôö£ chunks/1255-8befde0980f5cba9.js                       45.6 kB
  Ôö£ chunks/4bd1b696-100b9d70ed4e49c1.js                   54.2 kB
  Ôöö other shared chunks (total)                           2.32 kB


ãÆ Middleware                                              33.2 kB

Ôùï  (Static)   prerendered as static content
ãÆ  (Dynamic)  server-rendered on demand

